Diagnose log at 2026-07-08T02:01:18Z

AppPath: C:\Program Files\Git\mingw64\bin\git-credential-manager.exe
InstallDir: C:\Program Files\Git\mingw64\bin\
Version: 2.8.0+d5e8a3442d48cc5efe7014e093e44242c0bd395f

------------
Diagnostic: Environment
Skipped: False
Success: True
Exception: None
Log:
OSType: Windows
OSVersion: 10.0 (build 26200)
Reading environment variables... OK
 Variables:
SystemDrive=C:
ProgramFiles(x86)=C:\Program Files (x86)
MSYSTEM=MINGW64
ProgramW6432=C:\Program Files
PROCESSOR_IDENTIFIER=Intel64 Family 6 Model 183 Stepping 1, GenuineIntel
TMP=C:\Users\sonmi\AppData\Local\Temp
PROCESSOR_ARCHITECTURE=AMD64
DriverData=C:\Windows\System32\Drivers\DriverData
Path=C:/Program Files/Git/mingw64/libexec/git-core;C:\Program Files\Git\mingw64\bin;C:\Program Files\Git\usr\bin;C:\Users\sonmi\bin;C:\WINDOWS\system32;C:\WINDOWS;C:\WINDOWS\System32\Wbem;C:\WINDOWS\System32\WindowsPowerShell\v1.0\;C:\WINDOWS\System32\OpenSSH\;C:\Program Files\dotnet\;C:\Program Files\NVIDIA Corporation\NVIDIA App\NvDLISR;C:\Program Files (x86)\NVIDIA Corporation\PhysX\Common;C:\Program Files\Git\cmd;C:\Users\sonmi\.local\bin;C:\Users\sonmi\AppData\Local\Microsoft\WindowsApps;C:\Users\sonmi\AppData\Local\Programs\Microsoft VS Code\bin;C:\Users\sonmi\AppData\Local\Python\bin;C:\Users\sonmi\AppData\Local\GitHubDesktop\bin
VSCODE_GIT_ASKPASS_MAIN=c:\Users\sonmi\AppData\Roaming\Code\User\globalStorage\vscode.git\askpass\70789581cae28aa7\askpass-main.js
USERPROFILE=C:\Users\sonmi
VSCODE_GIT_IPC_HANDLE=\\.\pipe\vscode-git-d23dcf4cd9-sock
PROCESSOR_REVISION=b701
TEMP=C:\Users\sonmi\AppData\Local\Temp
FPS_BROWSER_APP_PROFILE_STRING=Internet Explorer
FPS_BROWSER_USER_PROFILE_STRING=Default
LOGONSERVER=\\DESKTOP-4D883P2
TERM=xterm-256color
USERNAME=sonmi
SystemRoot=C:\WINDOWS
CHROME_CRASHPAD_PIPE_NAME=\\.\pipe\crashpad_90800_CCYTBNOJGYXQPATU
GIT_EXEC_PATH=C:/Program Files/Git/mingw64/libexec/git-core
PLINK_PROTOCOL=ssh
LEVEL_ZERO_V1_SDK_PATH=C:\Program Files\LevelZeroSDK\1.24.0\
EFC_13460_4126798990=1
OneDrive=C:\Users\sonmi\OneDrive
VSCODE_NONCE=c3df2aa9-268e-4e7e-98d1-89cdbcb1c0ca
CommonProgramFiles=C:\Program Files\Common Files
VSCODE_INJECTION=1
ProgramData=C:\ProgramData
LANG=ko_KR.UTF-8
GIT_ASKPASS=c:\Users\sonmi\AppData\Roaming\Code\User\globalStorage\vscode.git\askpass\70789581cae28aa7\askpass.sh
HOMEPATH=\Users\sonmi
COMPUTERNAME=DESKTOP-4D883P2
ALLUSERSPROFILE=C:\ProgramData
CommonProgramW6432=C:\Program Files\Common Files
VSCODE_A11Y_MODE=0
SESSIONNAME=Console
CommonProgramFiles(x86)=C:\Program Files (x86)\Common Files
HOMEDRIVE=C:
windir=C:\WINDOWS
GIT_TRACE2_PARENT_SID=096ef604-7cd0-4a81-ad5c-1e7bd421cba6
VSCODE_GIT_ASKPASS_NODE=C:\Users\sonmi\AppData\Local\Programs\Microsoft VS Code\Code.exe
NUMBER_OF_PROCESSORS=16
OS=Windows_NT
ProgramFiles=C:\Program Files
ComSpec=C:\WINDOWS\system32\cmd.exe
VSCODE_STABLE=1
PATHEXT=.COM;.EXE;.BAT;.CMD;.VBS;.VBE;.JS;.JSE;.WSF;.WSH;.MSC;.CPL
HOME=C:\Users\sonmi
PSModulePath=C:\Users\sonmi\Documents\WindowsPowerShell\Modules;C:\Program Files\WindowsPowerShell\Modules;C:\WINDOWS\system32\WindowsPowerShell\v1.0\Modules
TMPDIR=C:\Users\sonmi\AppData\Local\Temp
APPDATA=C:\Users\sonmi\AppData\Roaming
USERDOMAIN=DESKTOP-4D883P2
PROCESSOR_LEVEL=6
EFC_13460_1592913036=1
LOCALAPPDATA=C:\Users\sonmi\AppData\Local
TERM_PROGRAM_VERSION=1.127.0
USERDOMAIN_ROAMINGPROFILE=DESKTOP-4D883P2
COLORTERM=truecolor
PUBLIC=C:\Users\Public
TERM_PROGRAM=vscode
VSCODE_GIT_ASKPASS_EXTRA_ARGS=


------------
Diagnostic: File system
Skipped: False
Success: True
Exception: None
Log:
Temporary directory is 'C:\Users\sonmi\AppData\Local\Temp\'...
Checking basic file I/O...
Writing to temporary file 'C:\Users\sonmi\AppData\Local\Temp\db1e42a794c16fa8a0df1879'... OK
Reading from temporary file 'C:\Users\sonmi\AppData\Local\Temp\db1e42a794c16fa8a0df1879'... OK
Deleting temporary file 'C:\Users\sonmi\AppData\Local\Temp\db1e42a794c16fa8a0df1879'... OK
Testing IFileSystem instance...
UserHomePath: C:\Users\sonmi
UserDataDirectoryPath: C:\Users\sonmi\.gcm
GetCurrentDirectory(): C:\Projects\trade-calculater

------------
Diagnostic: Networking
Skipped: False
Success: True
Exception: None
Log:
Checking networking and HTTP stack...
Creating HTTP client... OK
IsNetworkAvailable: True
Sending HEAD request to http://example.com... OK
Sending HEAD request to https://example.com... OK
Acquiring free TCP port... OK
Testing local HTTP loopback connections...
Creating new HTTP listener for http://localhost:64991/... OK
Waiting for loopback connection... OK
Writing response... OK
Waiting for response data... OK
Loopback connection data OK

------------
Diagnostic: Git
Skipped: False
Success: True
Exception: None
Log:
Getting Git version... OK
Git version is '2.55.0.windows.2'
Locating current repository...Git repository at 'C:/Projects/trade-calculater/.git'
 OK
Listing all Git configuration... OK
Git configuration:
file:C:/Program Files/Git/etc/gitconfig	diff.astextplain.textconv=astextplain
file:C:/Program Files/Git/etc/gitconfig	filter.lfs.clean=git-lfs clean -- %f
file:C:/Program Files/Git/etc/gitconfig	filter.lfs.smudge=git-lfs smudge -- %f
file:C:/Program Files/Git/etc/gitconfig	filter.lfs.process=git-lfs filter-process
file:C:/Program Files/Git/etc/gitconfig	filter.lfs.required=true
file:C:/Program Files/Git/etc/gitconfig	http.sslbackend=schannel
file:C:/Program Files/Git/etc/gitconfig	core.autocrlf=true
file:C:/Program Files/Git/etc/gitconfig	core.fscache=true
file:C:/Program Files/Git/etc/gitconfig	core.symlinks=false
file:C:/Program Files/Git/etc/gitconfig	pull.rebase=false
file:C:/Program Files/Git/etc/gitconfig	credential.helper=manager
file:C:/Program Files/Git/etc/gitconfig	credential.https://dev.azure.com.usehttppath=true
file:C:/Program Files/Git/etc/gitconfig	init.defaultbranch=master
file:C:/Users/sonmi/.gitconfig	filter.lfs.clean=git-lfs clean -- %f
file:C:/Users/sonmi/.gitconfig	filter.lfs.smudge=git-lfs smudge -- %f
file:C:/Users/sonmi/.gitconfig	filter.lfs.process=git-lfs filter-process
file:C:/Users/sonmi/.gitconfig	filter.lfs.required=true
file:C:/Users/sonmi/.gitconfig	user.name=ssb4107-cyber
file:C:/Users/sonmi/.gitconfig	user.email=ssb4107@naver.com
file:C:/Users/sonmi/.gitconfig	credential.helper=
file:C:/Users/sonmi/.gitconfig	credential.helper=C:/Program\ Files/Git/mingw64/bin/git-credential-manager.exe
file:.git/config	core.repositoryformatversion=0
file:.git/config	core.filemode=false
file:.git/config	core.bare=false
file:.git/config	core.logallrefupdates=true
file:.git/config	core.symlinks=false
file:.git/config	core.ignorecase=true
file:.git/config	remote.origin.url=https://github.com/ssb4107-cyber/trade-calculater.git
file:.git/config	remote.origin.fetch=+refs/heads/*:refs/remotes/origin/*
file:.git/config	branch.master.remote=origin
file:.git/config	branch.master.merge=refs/heads/master
file:.git/config	branch.master.vscode-merge-base=origin/master


------------
Diagnostic: Credential storage
Skipped: False
Success: True
Exception: None
Log:
ICredentialStore instance is of type: CredentialStore
Writing test credential... OK
Reading test credential... OK
Deleting test credential... OK

------------
Diagnostic: Microsoft authentication (AAD/MSA)
Skipped: False
Success: True
Exception: None
Log:
Broker is not enabled.
Flow type is: Auto
Gathering MSAL token cache data... OK
CacheDirectory: C:\Users\sonmi\AppData\Local\.IdentityService
CacheFileName: msal.cache
CacheFilePath: C:\Users\sonmi\AppData\Local\.IdentityService\msal.cache
Creating cache helper... OK
Verifying MSAL token cache persistence... OK

------------
Diagnostic: GitHub API
Skipped: False
Success: True
Exception: None
Log:
Using 'https://github.com/' as API target.
Querying '/meta' endpoint... OK

